WARNING: A terminally deprecated method in sun.misc.Unsafe has been called
WARNING: sun.misc.Unsafe::staticFieldBase has been called by com.google.inject.internal.aop.HiddenClassDefiner (file:/opt/homebrew/Cellar/maven/3.9.11/libexec/lib/guice-5.1.0-classes.jar)
WARNING: Please consider reporting this to the maintainers of class com.google.inject.internal.aop.HiddenClassDefiner
WARNING: sun.misc.Unsafe::staticFieldBase will be removed in a future release
[INFO] Scanning for projects...
[INFO] 
[INFO] ------------------------< cl.duoc:api-gateway >-------------------------
[INFO] Building api-gateway 0.0.1-SNAPSHOT
[INFO]   from pom.xml
[INFO] --------------------------------[ jar ]---------------------------------
[INFO] 
[INFO] >>> spring-boot:3.5.5:run (default-cli) > test-compile @ api-gateway >>>
[INFO] 
[INFO] --- resources:3.3.1:resources (default-resources) @ api-gateway ---
[INFO] Copying 1 resource from src/main/resources to target/classes
[INFO] Copying 1 resource from src/main/resources to target/classes
[INFO] 
[INFO] --- compiler:3.14.0:compile (default-compile) @ api-gateway ---
[INFO] Nothing to compile - all classes are up to date.
[INFO] 
[INFO] --- resources:3.3.1:testResources (default-testResources) @ api-gateway ---
[INFO] skip non existing resourceDirectory /Users/stywan1/Downloads/pethome-backend/api-gateway/src/test/resources
[INFO] 
[INFO] --- compiler:3.14.0:testCompile (default-testCompile) @ api-gateway ---
[INFO] Nothing to compile - all classes are up to date.
[INFO] 
[INFO] <<< spring-boot:3.5.5:run (default-cli) < test-compile @ api-gateway <<<
[INFO] 
[INFO] 
[INFO] --- spring-boot:3.5.5:run (default-cli) @ api-gateway ---
[INFO] Attaching agents: []

  .   ____          _            __ _ _
 /\\ / ___'_ __ _ _(_)_ __  __ _ \ \ \ \
( ( )\___ | '_ | '_| | '_ \/ _` | \ \ \ \
 \\/  ___)| |_)| | | | | || (_| |  ) ) ) )
  '  |____| .__|_| |_|_| |_\__, | / / / /
 =========|_|==============|___/=/_/_/_/

 :: Spring Boot ::                (v3.5.5)

2025-11-17 19:41:47 - Starting ApiGatewayApplication using Java 25.0.1 with PID 79872 (/Users/stywan1/Downloads/pethome-backend/api-gateway/target/classes started by stywan1 in /Users/stywan1/Downloads/pethome-backend/api-gateway)
2025-11-17 19:41:47 - Running with Spring Boot v3.5.5, Spring v6.2.10
2025-11-17 19:41:47 - The following 1 profile is active: "dev"
2025-11-17 19:41:47 - Fetching config from server at : http://localhost:8888
2025-11-17 19:41:47 - Located environment: name=api-gateway, profiles=[default], label=null, version=null, state=null
2025-11-17 19:41:47 - Fetching config from server at : http://localhost:8888
2025-11-17 19:41:47 - Located environment: name=api-gateway, profiles=[dev], label=null, version=null, state=null
2025-11-17 19:41:48 - BeanFactory id=f2d570e8-aed5-34ab-bdf7-8b7387d757c0
WARNING: A terminally deprecated method in sun.misc.Unsafe has been called
WARNING: sun.misc.Unsafe::allocateMemory has been called by io.netty.util.internal.PlatformDependent0$2 (file:/Users/stywan1/.m2/repository/io/netty/netty-common/4.1.124.Final/netty-common-4.1.124.Final.jar)
WARNING: Please consider reporting this to the maintainers of class io.netty.util.internal.PlatformDependent0$2
WARNING: sun.misc.Unsafe::allocateMemory will be removed in a future release
2025-11-17 19:41:48 - 

**********************************************************

The artifact spring-cloud-gateway-server is deprecated. It will be removed in the next major release. Please add spring-cloud-gateway-server-webflux dependency.

**********************************************************


2025-11-17 19:41:48 - Loaded RoutePredicateFactory [After]
2025-11-17 19:41:48 - Loaded RoutePredicateFactory [Before]
2025-11-17 19:41:48 - Loaded RoutePredicateFactory [Between]
2025-11-17 19:41:48 - Loaded RoutePredicateFactory [Cookie]
2025-11-17 19:41:48 - Loaded RoutePredicateFactory [Header]
2025-11-17 19:41:48 - Loaded RoutePredicateFactory [Host]
2025-11-17 19:41:48 - Loaded RoutePredicateFactory [Method]
2025-11-17 19:41:48 - Loaded RoutePredicateFactory [Path]
2025-11-17 19:41:48 - Loaded RoutePredicateFactory [Query]
2025-11-17 19:41:48 - Loaded RoutePredicateFactory [ReadBody]
2025-11-17 19:41:48 - Loaded RoutePredicateFactory [RemoteAddr]
2025-11-17 19:41:48 - Loaded RoutePredicateFactory [XForwardedRemoteAddr]
2025-11-17 19:41:48 - Loaded RoutePredicateFactory [Weight]
2025-11-17 19:41:48 - Loaded RoutePredicateFactory [CloudFoundryRouteService]
2025-11-17 19:41:48 - Exposing 3 endpoints beneath base path '/actuator'
2025-11-17 19:41:48 - Eureka HTTP Client uses RestTemplate.
2025-11-17 19:41:48 - 

**********************************************************

spring-cloud-starter-gateway is deprecated. It will be removed in the next major release. Please use spring-cloud-starter-gateway-server-webflux instead.

**********************************************************


2025-11-17 19:41:48 - Spring Cloud LoadBalancer is currently working with the default cache. While this cache implementation is useful for development and tests, it's recommended to use Caffeine cache in production.You can switch to using Caffeine cache, by adding it and org.springframework.cache.caffeine.CaffeineCacheManager to the classpath.
2025-11-17 19:41:48 - Setting initial instance status as: STARTING
2025-11-17 19:41:48 - Initializing Eureka in region us-east-1
2025-11-17 19:41:48 - Resolving eureka endpoints via configuration
2025-11-17 19:41:48 - Disable delta property : false
2025-11-17 19:41:48 - Single vip registry refresh property : null
2025-11-17 19:41:48 - Force full registry fetch : false
2025-11-17 19:41:48 - Application is null : false
2025-11-17 19:41:48 - Registered Applications size is zero : true
2025-11-17 19:41:48 - Application version is -1: true
2025-11-17 19:41:48 - Getting all instance registry info from the eureka server
2025-11-17 19:41:49 - The response status is 200
2025-11-17 19:41:49 - Starting heartbeat executor: renew interval is: 30
2025-11-17 19:41:49 - InstanceInfoReplicator onDemand update allowed rate per min is 4
2025-11-17 19:41:49 - Discovery Client initialized at timestamp 1763419309286 with initial instances count: 0
2025-11-17 19:41:49 - Registering application API-GATEWAY with eureka with status UP
2025-11-17 19:41:49 - Saw local status change event StatusChangeEvent [timestamp=1763419309288, current=UP, previous=STARTING]
2025-11-17 19:41:49 - DiscoveryClient_API-GATEWAY/10.31.51.176:api-gateway:8080: registering service...
2025-11-17 19:41:49 - DiscoveryClient_API-GATEWAY/10.31.51.176:api-gateway:8080 - registration status: 204
2025-11-17 19:41:49 - Netty started on port 8080 (http)
2025-11-17 19:41:49 - Updating port to 8080
2025-11-17 19:41:49 - Started ApiGatewayApplication in 2.559 seconds (process running for 2.899)
2025-11-17 19:41:49 - 
The use of configuration keys that have been renamed was found in the environment:

Property source 'configserver:classpath:/config/api-gateway.yml':
	Key: spring.cloud.gateway.routes[0].id
		Replacement: spring.cloud.gateway.server.webflux.routes[0].id
	Key: spring.cloud.gateway.routes[0].uri
		Replacement: spring.cloud.gateway.server.webflux.routes[0].uri
	Key: spring.cloud.gateway.routes[0].predicates[0]
		Replacement: spring.cloud.gateway.server.webflux.routes[0].predicates[0]
	Key: spring.cloud.gateway.routes[0].filters[0]
		Replacement: spring.cloud.gateway.server.webflux.routes[0].filters[0]
	Key: spring.cloud.gateway.routes[1].id
		Replacement: spring.cloud.gateway.server.webflux.routes[1].id
	Key: spring.cloud.gateway.routes[1].uri
		Replacement: spring.cloud.gateway.server.webflux.routes[1].uri
	Key: spring.cloud.gateway.routes[1].predicates[0]
		Replacement: spring.cloud.gateway.server.webflux.routes[1].predicates[0]
	Key: spring.cloud.gateway.routes[1].filters[0]
		Replacement: spring.cloud.gateway.server.webflux.routes[1].filters[0]
	Key: spring.cloud.gateway.routes[2].id
		Replacement: spring.cloud.gateway.server.webflux.routes[2].id
	Key: spring.cloud.gateway.routes[2].uri
		Replacement: spring.cloud.gateway.server.webflux.routes[2].uri
	Key: spring.cloud.gateway.routes[2].predicates[0]
		Replacement: spring.cloud.gateway.server.webflux.routes[2].predicates[0]
	Key: spring.cloud.gateway.routes[2].filters[0]
		Replacement: spring.cloud.gateway.server.webflux.routes[2].filters[0]
	Key: spring.cloud.gateway.routes[3].id
		Replacement: spring.cloud.gateway.server.webflux.routes[3].id
	Key: spring.cloud.gateway.routes[3].uri
		Replacement: spring.cloud.gateway.server.webflux.routes[3].uri
	Key: spring.cloud.gateway.routes[3].predicates[0]
		Replacement: spring.cloud.gateway.server.webflux.routes[3].predicates[0]
	Key: spring.cloud.gateway.routes[3].filters[0]
		Replacement: spring.cloud.gateway.server.webflux.routes[3].filters[0]
	Key: spring.cloud.gateway.routes[4].id
		Replacement: spring.cloud.gateway.server.webflux.routes[4].id
	Key: spring.cloud.gateway.routes[4].uri
		Replacement: spring.cloud.gateway.server.webflux.routes[4].uri
	Key: spring.cloud.gateway.routes[4].predicates[0]
		Replacement: spring.cloud.gateway.server.webflux.routes[4].predicates[0]
	Key: spring.cloud.gateway.routes[4].filters[0]
		Replacement: spring.cloud.gateway.server.webflux.routes[4].filters[0]
	Key: spring.cloud.gateway.routes[5].id
		Replacement: spring.cloud.gateway.server.webflux.routes[5].id
	Key: spring.cloud.gateway.routes[5].uri
		Replacement: spring.cloud.gateway.server.webflux.routes[5].uri
	Key: spring.cloud.gateway.routes[5].predicates[0]
		Replacement: spring.cloud.gateway.server.webflux.routes[5].predicates[0]
	Key: spring.cloud.gateway.routes[5].filters[0]
		Replacement: spring.cloud.gateway.server.webflux.routes[5].filters[0]


Each configuration key has been temporarily mapped to its replacement for your convenience. To silence this warning, please update your configuration to use the new keys.

2025-11-17 19:41:49 - 
The use of configuration keys that have been renamed was found in the environment:

Property source 'configserver:classpath:/config/api-gateway.yml':
	Key: spring.cloud.gateway.globalcors.cors-configurations[/**].allowed-origins[0]
		Replacement: spring.cloud.gateway.server.webflux.globalcors.cors-configurations[/**].allowed-origins[0]
	Key: spring.cloud.gateway.globalcors.cors-configurations[/**].allowed-origins[1]
		Replacement: spring.cloud.gateway.server.webflux.globalcors.cors-configurations[/**].allowed-origins[1]
	Key: spring.cloud.gateway.globalcors.cors-configurations[/**].allowed-origins[2]
		Replacement: spring.cloud.gateway.server.webflux.globalcors.cors-configurations[/**].allowed-origins[2]
	Key: spring.cloud.gateway.globalcors.cors-configurations[/**].allowed-origins[3]
		Replacement: spring.cloud.gateway.server.webflux.globalcors.cors-configurations[/**].allowed-origins[3]
	Key: spring.cloud.gateway.globalcors.cors-configurations[/**].allowed-methods[0]
		Replacement: spring.cloud.gateway.server.webflux.globalcors.cors-configurations[/**].allowed-methods[0]
	Key: spring.cloud.gateway.globalcors.cors-configurations[/**].allowed-methods[1]
		Replacement: spring.cloud.gateway.server.webflux.globalcors.cors-configurations[/**].allowed-methods[1]
	Key: spring.cloud.gateway.globalcors.cors-configurations[/**].allowed-methods[2]
		Replacement: spring.cloud.gateway.server.webflux.globalcors.cors-configurations[/**].allowed-methods[2]
	Key: spring.cloud.gateway.globalcors.cors-configurations[/**].allowed-methods[3]
		Replacement: spring.cloud.gateway.server.webflux.globalcors.cors-configurations[/**].allowed-methods[3]
	Key: spring.cloud.gateway.globalcors.cors-configurations[/**].allowed-methods[4]
		Replacement: spring.cloud.gateway.server.webflux.globalcors.cors-configurations[/**].allowed-methods[4]
	Key: spring.cloud.gateway.globalcors.cors-configurations[/**].allowed-methods[5]
		Replacement: spring.cloud.gateway.server.webflux.globalcors.cors-configurations[/**].allowed-methods[5]
	Key: spring.cloud.gateway.globalcors.cors-configurations[/**].allowed-headers
		Replacement: spring.cloud.gateway.server.webflux.globalcors.cors-configurations[/**].allowed-headers
	Key: spring.cloud.gateway.globalcors.cors-configurations[/**].allow-credentials
		Replacement: spring.cloud.gateway.server.webflux.globalcors.cors-configurations[/**].allow-credentials
	Key: spring.cloud.gateway.globalcors.cors-configurations[/**].max-age
		Replacement: spring.cloud.gateway.server.webflux.globalcors.cors-configurations[/**].max-age


Each configuration key has been temporarily mapped to its replacement for your convenience. To silence this warning, please update your configuration to use the new keys.

2025-11-17 19:42:19 - Disable delta property : false
2025-11-17 19:42:19 - Single vip registry refresh property : null
2025-11-17 19:42:19 - Force full registry fetch : false
2025-11-17 19:42:19 - Application is null : false
2025-11-17 19:42:19 - Registered Applications size is zero : true
2025-11-17 19:42:19 - Application version is -1: false
2025-11-17 19:42:19 - Getting all instance registry info from the eureka server
2025-11-17 19:42:19 - The response status is 200
WARNING: A restricted method in java.lang.System has been called
WARNING: java.lang.System::loadLibrary has been called by io.netty.util.internal.NativeLibraryUtil in an unnamed module (file:/Users/stywan1/.m2/repository/io/netty/netty-common/4.1.124.Final/netty-common-4.1.124.Final.jar)
WARNING: Use --enable-native-access=ALL-UNNAMED to avoid a warning for callers in this module
WARNING: Restricted methods will be blocked in a future release unless native access is enabled

2025-11-17 19:45:38 - Unable to load io.netty.resolver.dns.macos.MacOSDnsServerAddressStreamProvider, fallback to system defaults. This may result in incorrect DNS resolutions on MacOS. Check whether you have a dependency on 'io.netty:netty-resolver-dns-native-macos'. Use DEBUG level to see the full stack: java.lang.UnsatisfiedLinkError: failed to load the required native library
2025-11-17 19:46:49 - Resolving eureka endpoints via configuration
2025-11-17 19:51:49 - Resolving eureka endpoints via configuration
2025-11-17 19:56:48 - Resolving eureka endpoints via configuration
2025-11-17 20:01:49 - Resolving eureka endpoints via configuration
2025-11-17 20:06:49 - Resolving eureka endpoints via configuration
2025-11-17 20:11:49 - Resolving eureka endpoints via configuration
2025-11-17 20:16:49 - Resolving eureka endpoints via configuration
2025-11-17 20:21:49 - Resolving eureka endpoints via configuration
2025-11-17 20:26:49 - Resolving eureka endpoints via configuration
2025-11-17 20:31:49 - Resolving eureka endpoints via configuration
[INFO] ------------------------------------------------------------------------
[INFO] BUILD FAILURE
[INFO] ------------------------------------------------------------------------
[INFO] Total time:  53:39 min
[INFO] Finished at: 2025-11-17T20:35:25-03:00
[INFO] ------------------------------------------------------------------------
[ERROR] Failed to execute goal org.springframework.boot:spring-boot-maven-plugin:3.5.5:run (default-cli) on project api-gateway: Process terminated with exit code: 137 -> [Help 1]
[ERROR] 
[ERROR] To see the full stack trace of the errors, re-run Maven with the -e switch.
[ERROR] Re-run Maven using the -X switch to enable full debug logging.
[ERROR] 
[ERROR] For more information about the errors and possible solutions, please read the following articles:
[ERROR] [Help 1] http://cwiki.apache.org/confluence/display/MAVEN/MojoExecutionException
