WARNING: A terminally deprecated method in sun.misc.Unsafe has been called
WARNING: sun.misc.Unsafe::staticFieldBase has been called by com.google.inject.internal.aop.HiddenClassDefiner (file:/opt/homebrew/Cellar/maven/3.9.11/libexec/lib/guice-5.1.0-classes.jar)
WARNING: Please consider reporting this to the maintainers of class com.google.inject.internal.aop.HiddenClassDefiner
WARNING: sun.misc.Unsafe::staticFieldBase will be removed in a future release
[INFO] Scanning for projects...
[INFO] 
[INFO] --------------------< cl.duoc:pethome-pet-service >---------------------
[INFO] Building pethome-pet-service 0.0.1-SNAPSHOT
[INFO]   from pom.xml
[INFO] --------------------------------[ jar ]---------------------------------
[INFO] 
[INFO] >>> spring-boot:3.5.5:run (default-cli) > test-compile @ pethome-pet-service >>>
[INFO] 
[INFO] --- resources:3.3.1:resources (default-resources) @ pethome-pet-service ---
[INFO] Copying 2 resources from src/main/resources to target/classes
[INFO] Copying 1 resource from src/main/resources to target/classes
[INFO] 
[INFO] --- compiler:3.14.0:compile (default-compile) @ pethome-pet-service ---
[INFO] Nothing to compile - all classes are up to date.
[INFO] 
[INFO] --- resources:3.3.1:testResources (default-testResources) @ pethome-pet-service ---
[INFO] skip non existing resourceDirectory /Users/stywan1/Downloads/pethome-backend/pethome-pet-service/src/test/resources
[INFO] 
[INFO] --- compiler:3.14.0:testCompile (default-testCompile) @ pethome-pet-service ---
[INFO] Nothing to compile - all classes are up to date.
[INFO] 
[INFO] <<< spring-boot:3.5.5:run (default-cli) < test-compile @ pethome-pet-service <<<
[INFO] 
[INFO] 
[INFO] --- spring-boot:3.5.5:run (default-cli) @ pethome-pet-service ---
[INFO] Attaching agents: []
2025-11-17 19:42:16 - Fetching config from server at : http://localhost:8888
2025-11-17 19:42:16 - Located environment: name=pethome-pet-service, profiles=[default], label=null, version=null, state=null
2025-11-17 19:42:16 - Fetching config from server at : http://localhost:8888
2025-11-17 19:42:16 - Located environment: name=pethome-pet-service, profiles=[docker], label=null, version=null, state=null

  .   ____          _            __ _ _
 /\\ / ___'_ __ _ _(_)_ __  __ _ \ \ \ \
( ( )\___ | '_ | '_| | '_ \/ _` | \ \ \ \
 \\/  ___)| |_)| | | | | || (_| |  ) ) ) )
  '  |____| .__|_| |_|_| |_\__, | / / / /
 =========|_|==============|___/=/_/_/_/

 :: Spring Boot ::                (v3.5.5)

2025-11-17 19:42:16 - Fetching config from server at : http://localhost:8888
2025-11-17 19:42:16 - Located environment: name=pethome-pet-service, profiles=[default], label=null, version=null, state=null
2025-11-17 19:42:16 - Located property source: [BootstrapPropertySource {name='bootstrapProperties-configClient'}, BootstrapPropertySource {name='bootstrapProperties-classpath:/config/pethome-pet-service.yml'}, BootstrapPropertySource {name='bootstrapProperties-classpath:/config/application.yml'}]
2025-11-17 19:42:16 - The following 1 profile is active: "docker"
2025-11-17 19:42:16 - Fetching config from server at : http://localhost:8888
2025-11-17 19:42:16 - Located environment: name=pethome-pet-service, profiles=[default], label=null, version=null, state=null
2025-11-17 19:42:16 - Fetching config from server at : http://localhost:8888
2025-11-17 19:42:16 - Located environment: name=pethome-pet-service, profiles=[docker], label=null, version=null, state=null
2025-11-17 19:42:17 - Bootstrapping Spring Data JPA repositories in DEFAULT mode.
2025-11-17 19:42:17 - Finished Spring Data repository scanning in 113 ms. Found 2 JPA repository interfaces.
2025-11-17 19:42:17 - BeanFactory id=9659cd48-234b-36cd-9559-3dd810e88d5f
2025-11-17 19:42:17 - Tomcat initialized with port 8083 (http)
2025-11-17 19:42:17 - Starting service [Tomcat]
2025-11-17 19:42:17 - Starting Servlet engine: [Apache Tomcat/10.1.44]
2025-11-17 19:42:17 - Initializing Spring embedded WebApplicationContext
2025-11-17 19:42:17 - Root WebApplicationContext: initialization completed in 1053 ms
2025-11-17 19:42:17 - HHH000204: Processing PersistenceUnitInfo [name: default]
2025-11-17 19:42:17 - HHH000412: Hibernate ORM core version 6.6.26.Final
2025-11-17 19:42:17 - HHH000026: Second-level cache disabled
2025-11-17 19:42:17 - No LoadTimeWeaver setup: ignoring JPA class transformer
2025-11-17 19:42:18 - HikariPool-1 - Starting...
2025-11-17 19:42:18 - HikariPool-1 - Added connection conn0: url=jdbc:h2:mem:petdb user=SA
2025-11-17 19:42:18 - HikariPool-1 - Start completed.
2025-11-17 19:42:18 - HHH90000025: H2Dialect does not need to be specified explicitly using 'hibernate.dialect' (remove the property setting and it will be selected by default)
2025-11-17 19:42:18 - HHH10001005: Database info:
	Database JDBC URL [Connecting through datasource 'HikariDataSource (HikariPool-1)']
	Database driver: undefined/unknown
	Database version: 2.3.232
	Autocommit mode: undefined/unknown
	Isolation level: undefined/unknown
	Minimum pool size: undefined/unknown
	Maximum pool size: undefined/unknown
2025-11-17 19:42:18 - HHH000489: No JTA platform available (set 'hibernate.transaction.jta.platform' to enable JTA platform integration)
2025-11-17 19:42:18 - 
    drop table if exists medical_records cascade 
Hibernate: 
    drop table if exists medical_records cascade 
2025-11-17 19:42:18 - 
    drop table if exists pets cascade 
Hibernate: 
    drop table if exists pets cascade 
2025-11-17 19:42:18 - 
    create table medical_records (
        cost DECIMAL(10,2),
        heart_rate integer check (heart_rate>=0),
        next_visit_date date,
        temperature DECIMAL(4,2),
        visit_date date not null,
        weight DECIMAL(5,2),
        created_at timestamp(6),
        id bigint generated by default as identity,
        pet_id bigint not null,
        updated_at timestamp(6),
        veterinarian_id bigint not null,
        record_type varchar(20) not null,
        diagnosis TEXT not null,
        medications TEXT,
        treatment TEXT,
        notes TEXT,
        primary key (id)
    )
Hibernate: 
    create table medical_records (
        cost DECIMAL(10,2),
        heart_rate integer check (heart_rate>=0),
        next_visit_date date,
        temperature DECIMAL(4,2),
        visit_date date not null,
        weight DECIMAL(5,2),
        created_at timestamp(6),
        id bigint generated by default as identity,
        pet_id bigint not null,
        updated_at timestamp(6),
        veterinarian_id bigint not null,
        record_type varchar(20) not null,
        diagnosis TEXT not null,
        medications TEXT,
        treatment TEXT,
        notes TEXT,
        primary key (id)
    )
2025-11-17 19:42:18 - 
    create table pets (
        birth_date date not null,
        is_active boolean not null,
        weight DECIMAL(5,2),
        created_at timestamp(6),
        id bigint generated by default as identity,
        owner_id bigint not null,
        updated_at timestamp(6),
        gender varchar(10) not null,
        breed varchar(50),
        color varchar(50),
        species varchar(50) not null,
        name varchar(100) not null,
        allergies TEXT,
        medical_conditions TEXT,
        primary key (id)
    )
Hibernate: 
    create table pets (
        birth_date date not null,
        is_active boolean not null,
        weight DECIMAL(5,2),
        created_at timestamp(6),
        id bigint generated by default as identity,
        owner_id bigint not null,
        updated_at timestamp(6),
        gender varchar(10) not null,
        breed varchar(50),
        color varchar(50),
        species varchar(50) not null,
        name varchar(100) not null,
        allergies TEXT,
        medical_conditions TEXT,
        primary key (id)
    )
2025-11-17 19:42:18 - 
    alter table if exists medical_records 
       add constraint FKojfodeedei8la4yhl5wfo99iy 
       foreign key (pet_id) 
       references pets
Hibernate: 
    alter table if exists medical_records 
       add constraint FKojfodeedei8la4yhl5wfo99iy 
       foreign key (pet_id) 
       references pets
2025-11-17 19:42:18 - Initialized JPA EntityManagerFactory for persistence unit 'default'
2025-11-17 19:42:18 - Hibernate is in classpath; If applicable, HQL parser will be used.
2025-11-17 19:42:19 - spring.jpa.open-in-view is enabled by default. Therefore, database queries may be performed during view rendering. Explicitly configure spring.jpa.open-in-view to disable this warning
2025-11-17 19:42:19 - H2 console available at '/h2-console'. Database available at 'jdbc:h2:mem:petdb'
2025-11-17 19:42:19 - Eureka HTTP Client uses RestTemplate.
2025-11-17 19:42:19 - Spring Cloud LoadBalancer is currently working with the default cache. While this cache implementation is useful for development and tests, it's recommended to use Caffeine cache in production.You can switch to using Caffeine cache, by adding it and org.springframework.cache.caffeine.CaffeineCacheManager to the classpath.
2025-11-17 19:42:19 - Exposing 3 endpoints beneath base path '/actuator'
2025-11-17 19:42:19 - Setting initial instance status as: STARTING
2025-11-17 19:42:20 - Initializing Eureka in region us-east-1
2025-11-17 19:42:20 - Resolving eureka endpoints via configuration
2025-11-17 19:42:20 - Disable delta property : false
2025-11-17 19:42:20 - Single vip registry refresh property : null
2025-11-17 19:42:20 - Force full registry fetch : false
2025-11-17 19:42:20 - Application is null : false
2025-11-17 19:42:20 - Registered Applications size is zero : true
2025-11-17 19:42:20 - Application version is -1: true
2025-11-17 19:42:20 - Getting all instance registry info from the eureka server
2025-11-17 19:42:20 - The response status is 200
2025-11-17 19:42:20 - Starting heartbeat executor: renew interval is: 30
2025-11-17 19:42:20 - InstanceInfoReplicator onDemand update allowed rate per min is 4
2025-11-17 19:42:20 - Discovery Client initialized at timestamp 1763419340218 with initial instances count: 1
2025-11-17 19:42:20 - Registering application PETHOME-PET-SERVICE with eureka with status UP
2025-11-17 19:42:20 - Saw local status change event StatusChangeEvent [timestamp=1763419340221, current=UP, previous=STARTING]
2025-11-17 19:42:20 - DiscoveryClient_PETHOME-PET-SERVICE/10.31.51.176:pethome-pet-service:8083: registering service...
2025-11-17 19:42:20 - Tomcat started on port 8083 (http) with context path '/'
2025-11-17 19:42:20 - Updating port to 8083
2025-11-17 19:42:20 - DiscoveryClient_PETHOME-PET-SERVICE/10.31.51.176:pethome-pet-service:8083 - registration status: 204
2025-11-17 19:42:20 - Started PethomePetServiceApplication in 4.729 seconds (process running for 5.149)
2025-11-17 19:47:20 - Resolving eureka endpoints via configuration
2025-11-17 19:52:20 - Resolving eureka endpoints via configuration
2025-11-17 19:57:20 - Resolving eureka endpoints via configuration
2025-11-17 20:00:55 - Initializing Spring DispatcherServlet 'dispatcherServlet'
2025-11-17 20:00:55 - Initializing Servlet 'dispatcherServlet'
2025-11-17 20:00:55 - Completed initialization in 78 ms
2025-11-17 20:00:56 - GET /pets/owner/9 - Fetching pets by owner ID
2025-11-17 20:00:56 - Fetching pets for owner ID: 9
2025-11-17 20:00:56 - 
    select
        p1_0.id,
        p1_0.allergies,
        p1_0.birth_date,
        p1_0.breed,
        p1_0.color,
        p1_0.created_at,
        p1_0.gender,
        p1_0.is_active,
        p1_0.medical_conditions,
        p1_0.name,
        p1_0.owner_id,
        p1_0.species,
        p1_0.updated_at,
        p1_0.weight 
    from
        pets p1_0 
    where
        p1_0.owner_id=?
Hibernate: 
    select
        p1_0.id,
        p1_0.allergies,
        p1_0.birth_date,
        p1_0.breed,
        p1_0.color,
        p1_0.created_at,
        p1_0.gender,
        p1_0.is_active,
        p1_0.medical_conditions,
        p1_0.name,
        p1_0.owner_id,
        p1_0.species,
        p1_0.updated_at,
        p1_0.weight 
    from
        pets p1_0 
    where
        p1_0.owner_id=?
2025-11-17 20:01:29 - POST /pets - Creating new pet
2025-11-17 20:01:29 - Creating new pet with name: toby
2025-11-17 20:01:29 - 
    insert 
    into
        pets
        (allergies, birth_date, breed, color, created_at, gender, is_active, medical_conditions, name, owner_id, species, updated_at, weight, id) 
    values
        (?, ?, ?, ?, ?, ?, ?, ?, ?, ?, ?, ?, ?, default)
Hibernate: 
    insert 
    into
        pets
        (allergies, birth_date, breed, color, created_at, gender, is_active, medical_conditions, name, owner_id, species, updated_at, weight, id) 
    values
        (?, ?, ?, ?, ?, ?, ?, ?, ?, ?, ?, ?, ?, default)
2025-11-17 20:01:29 - Pet created successfully with ID: 1
2025-11-17 20:02:20 - Resolving eureka endpoints via configuration
2025-11-17 20:03:44 - GET /pets/owner/9 - Fetching pets by owner ID
2025-11-17 20:03:44 - Fetching pets for owner ID: 9
2025-11-17 20:03:44 - 
    select
        p1_0.id,
        p1_0.allergies,
        p1_0.birth_date,
        p1_0.breed,
        p1_0.color,
        p1_0.created_at,
        p1_0.gender,
        p1_0.is_active,
        p1_0.medical_conditions,
        p1_0.name,
        p1_0.owner_id,
        p1_0.species,
        p1_0.updated_at,
        p1_0.weight 
    from
        pets p1_0 
    where
        p1_0.owner_id=?
Hibernate: 
    select
        p1_0.id,
        p1_0.allergies,
        p1_0.birth_date,
        p1_0.breed,
        p1_0.color,
        p1_0.created_at,
        p1_0.gender,
        p1_0.is_active,
        p1_0.medical_conditions,
        p1_0.name,
        p1_0.owner_id,
        p1_0.species,
        p1_0.updated_at,
        p1_0.weight 
    from
        pets p1_0 
    where
        p1_0.owner_id=?
2025-11-17 20:04:23 - GET /pets/owner/9 - Fetching pets by owner ID
2025-11-17 20:04:23 - Fetching pets for owner ID: 9
2025-11-17 20:04:23 - 
    select
        p1_0.id,
        p1_0.allergies,
        p1_0.birth_date,
        p1_0.breed,
        p1_0.color,
        p1_0.created_at,
        p1_0.gender,
        p1_0.is_active,
        p1_0.medical_conditions,
        p1_0.name,
        p1_0.owner_id,
        p1_0.species,
        p1_0.updated_at,
        p1_0.weight 
    from
        pets p1_0 
    where
        p1_0.owner_id=?
Hibernate: 
    select
        p1_0.id,
        p1_0.allergies,
        p1_0.birth_date,
        p1_0.breed,
        p1_0.color,
        p1_0.created_at,
        p1_0.gender,
        p1_0.is_active,
        p1_0.medical_conditions,
        p1_0.name,
        p1_0.owner_id,
        p1_0.species,
        p1_0.updated_at,
        p1_0.weight 
    from
        pets p1_0 
    where
        p1_0.owner_id=?
2025-11-17 20:06:31 - GET /pets/owner/3 - Fetching pets by owner ID
2025-11-17 20:06:31 - Fetching pets for owner ID: 3
2025-11-17 20:06:31 - 
    select
        p1_0.id,
        p1_0.allergies,
        p1_0.birth_date,
        p1_0.breed,
        p1_0.color,
        p1_0.created_at,
        p1_0.gender,
        p1_0.is_active,
        p1_0.medical_conditions,
        p1_0.name,
        p1_0.owner_id,
        p1_0.species,
        p1_0.updated_at,
        p1_0.weight 
    from
        pets p1_0 
    where
        p1_0.owner_id=?
Hibernate: 
    select
        p1_0.id,
        p1_0.allergies,
        p1_0.birth_date,
        p1_0.breed,
        p1_0.color,
        p1_0.created_at,
        p1_0.gender,
        p1_0.is_active,
        p1_0.medical_conditions,
        p1_0.name,
        p1_0.owner_id,
        p1_0.species,
        p1_0.updated_at,
        p1_0.weight 
    from
        pets p1_0 
    where
        p1_0.owner_id=?
2025-11-17 20:06:33 - GET /pets/1 - Fetching pet by ID
2025-11-17 20:06:33 - Fetching pet with ID: 1
2025-11-17 20:06:33 - 
    select
        p1_0.id,
        p1_0.allergies,
        p1_0.birth_date,
        p1_0.breed,
        p1_0.color,
        p1_0.created_at,
        p1_0.gender,
        p1_0.is_active,
        p1_0.medical_conditions,
        p1_0.name,
        p1_0.owner_id,
        p1_0.species,
        p1_0.updated_at,
        p1_0.weight 
    from
        pets p1_0 
    where
        p1_0.id=?
Hibernate: 
    select
        p1_0.id,
        p1_0.allergies,
        p1_0.birth_date,
        p1_0.breed,
        p1_0.color,
        p1_0.created_at,
        p1_0.gender,
        p1_0.is_active,
        p1_0.medical_conditions,
        p1_0.name,
        p1_0.owner_id,
        p1_0.species,
        p1_0.updated_at,
        p1_0.weight 
    from
        pets p1_0 
    where
        p1_0.id=?
2025-11-17 20:06:33 - GET /pets/1 - Fetching pet by ID
2025-11-17 20:06:33 - Fetching pet with ID: 1
2025-11-17 20:06:33 - 
    select
        p1_0.id,
        p1_0.allergies,
        p1_0.birth_date,
        p1_0.breed,
        p1_0.color,
        p1_0.created_at,
        p1_0.gender,
        p1_0.is_active,
        p1_0.medical_conditions,
        p1_0.name,
        p1_0.owner_id,
        p1_0.species,
        p1_0.updated_at,
        p1_0.weight 
    from
        pets p1_0 
    where
        p1_0.id=?
Hibernate: 
    select
        p1_0.id,
        p1_0.allergies,
        p1_0.birth_date,
        p1_0.breed,
        p1_0.color,
        p1_0.created_at,
        p1_0.gender,
        p1_0.is_active,
        p1_0.medical_conditions,
        p1_0.name,
        p1_0.owner_id,
        p1_0.species,
        p1_0.updated_at,
        p1_0.weight 
    from
        pets p1_0 
    where
        p1_0.id=?
2025-11-17 20:06:33 - GET /pets/1 - Fetching pet by ID
2025-11-17 20:06:33 - Fetching pet with ID: 1
2025-11-17 20:06:33 - 
    select
        p1_0.id,
        p1_0.allergies,
        p1_0.birth_date,
        p1_0.breed,
        p1_0.color,
        p1_0.created_at,
        p1_0.gender,
        p1_0.is_active,
        p1_0.medical_conditions,
        p1_0.name,
        p1_0.owner_id,
        p1_0.species,
        p1_0.updated_at,
        p1_0.weight 
    from
        pets p1_0 
    where
        p1_0.id=?
Hibernate: 
    select
        p1_0.id,
        p1_0.allergies,
        p1_0.birth_date,
        p1_0.breed,
        p1_0.color,
        p1_0.created_at,
        p1_0.gender,
        p1_0.is_active,
        p1_0.medical_conditions,
        p1_0.name,
        p1_0.owner_id,
        p1_0.species,
        p1_0.updated_at,
        p1_0.weight 
    from
        pets p1_0 
    where
        p1_0.id=?
2025-11-17 20:06:33 - GET /pets/1 - Fetching pet by ID
2025-11-17 20:06:33 - Fetching pet with ID: 1
2025-11-17 20:06:33 - 
    select
        p1_0.id,
        p1_0.allergies,
        p1_0.birth_date,
        p1_0.breed,
        p1_0.color,
        p1_0.created_at,
        p1_0.gender,
        p1_0.is_active,
        p1_0.medical_conditions,
        p1_0.name,
        p1_0.owner_id,
        p1_0.species,
        p1_0.updated_at,
        p1_0.weight 
    from
        pets p1_0 
    where
        p1_0.id=?
Hibernate: 
    select
        p1_0.id,
        p1_0.allergies,
        p1_0.birth_date,
        p1_0.breed,
        p1_0.color,
        p1_0.created_at,
        p1_0.gender,
        p1_0.is_active,
        p1_0.medical_conditions,
        p1_0.name,
        p1_0.owner_id,
        p1_0.species,
        p1_0.updated_at,
        p1_0.weight 
    from
        pets p1_0 
    where
        p1_0.id=?
2025-11-17 20:06:33 - GET /pets/1 - Fetching pet by ID
2025-11-17 20:06:33 - Fetching pet with ID: 1
2025-11-17 20:06:33 - 
    select
        p1_0.id,
        p1_0.allergies,
        p1_0.birth_date,
        p1_0.breed,
        p1_0.color,
        p1_0.created_at,
        p1_0.gender,
        p1_0.is_active,
        p1_0.medical_conditions,
        p1_0.name,
        p1_0.owner_id,
        p1_0.species,
        p1_0.updated_at,
        p1_0.weight 
    from
        pets p1_0 
    where
        p1_0.id=?
Hibernate: 
    select
        p1_0.id,
        p1_0.allergies,
        p1_0.birth_date,
        p1_0.breed,
        p1_0.color,
        p1_0.created_at,
        p1_0.gender,
        p1_0.is_active,
        p1_0.medical_conditions,
        p1_0.name,
        p1_0.owner_id,
        p1_0.species,
        p1_0.updated_at,
        p1_0.weight 
    from
        pets p1_0 
    where
        p1_0.id=?
2025-11-17 20:07:20 - Resolving eureka endpoints via configuration
2025-11-17 20:08:25 - GET /pets/owner/3 - Fetching pets by owner ID
2025-11-17 20:08:25 - Fetching pets for owner ID: 3
2025-11-17 20:08:25 - 
    select
        p1_0.id,
        p1_0.allergies,
        p1_0.birth_date,
        p1_0.breed,
        p1_0.color,
        p1_0.created_at,
        p1_0.gender,
        p1_0.is_active,
        p1_0.medical_conditions,
        p1_0.name,
        p1_0.owner_id,
        p1_0.species,
        p1_0.updated_at,
        p1_0.weight 
    from
        pets p1_0 
    where
        p1_0.owner_id=?
Hibernate: 
    select
        p1_0.id,
        p1_0.allergies,
        p1_0.birth_date,
        p1_0.breed,
        p1_0.color,
        p1_0.created_at,
        p1_0.gender,
        p1_0.is_active,
        p1_0.medical_conditions,
        p1_0.name,
        p1_0.owner_id,
        p1_0.species,
        p1_0.updated_at,
        p1_0.weight 
    from
        pets p1_0 
    where
        p1_0.owner_id=?
2025-11-17 20:08:26 - GET /pets/1 - Fetching pet by ID
2025-11-17 20:08:26 - Fetching pet with ID: 1
2025-11-17 20:08:26 - 
    select
        p1_0.id,
        p1_0.allergies,
        p1_0.birth_date,
        p1_0.breed,
        p1_0.color,
        p1_0.created_at,
        p1_0.gender,
        p1_0.is_active,
        p1_0.medical_conditions,
        p1_0.name,
        p1_0.owner_id,
        p1_0.species,
        p1_0.updated_at,
        p1_0.weight 
    from
        pets p1_0 
    where
        p1_0.id=?
Hibernate: 
    select
        p1_0.id,
        p1_0.allergies,
        p1_0.birth_date,
        p1_0.breed,
        p1_0.color,
        p1_0.created_at,
        p1_0.gender,
        p1_0.is_active,
        p1_0.medical_conditions,
        p1_0.name,
        p1_0.owner_id,
        p1_0.species,
        p1_0.updated_at,
        p1_0.weight 
    from
        pets p1_0 
    where
        p1_0.id=?
2025-11-17 20:08:26 - GET /pets/1 - Fetching pet by ID
2025-11-17 20:08:26 - Fetching pet with ID: 1
2025-11-17 20:08:26 - 
    select
        p1_0.id,
        p1_0.allergies,
        p1_0.birth_date,
        p1_0.breed,
        p1_0.color,
        p1_0.created_at,
        p1_0.gender,
        p1_0.is_active,
        p1_0.medical_conditions,
        p1_0.name,
        p1_0.owner_id,
        p1_0.species,
        p1_0.updated_at,
        p1_0.weight 
    from
        pets p1_0 
    where
        p1_0.id=?
Hibernate: 
    select
        p1_0.id,
        p1_0.allergies,
        p1_0.birth_date,
        p1_0.breed,
        p1_0.color,
        p1_0.created_at,
        p1_0.gender,
        p1_0.is_active,
        p1_0.medical_conditions,
        p1_0.name,
        p1_0.owner_id,
        p1_0.species,
        p1_0.updated_at,
        p1_0.weight 
    from
        pets p1_0 
    where
        p1_0.id=?
2025-11-17 20:08:26 - GET /pets/1 - Fetching pet by ID
2025-11-17 20:08:26 - Fetching pet with ID: 1
2025-11-17 20:08:26 - 
    select
        p1_0.id,
        p1_0.allergies,
        p1_0.birth_date,
        p1_0.breed,
        p1_0.color,
        p1_0.created_at,
        p1_0.gender,
        p1_0.is_active,
        p1_0.medical_conditions,
        p1_0.name,
        p1_0.owner_id,
        p1_0.species,
        p1_0.updated_at,
        p1_0.weight 
    from
        pets p1_0 
    where
        p1_0.id=?
Hibernate: 
    select
        p1_0.id,
        p1_0.allergies,
        p1_0.birth_date,
        p1_0.breed,
        p1_0.color,
        p1_0.created_at,
        p1_0.gender,
        p1_0.is_active,
        p1_0.medical_conditions,
        p1_0.name,
        p1_0.owner_id,
        p1_0.species,
        p1_0.updated_at,
        p1_0.weight 
    from
        pets p1_0 
    where
        p1_0.id=?
2025-11-17 20:08:26 - GET /pets/1 - Fetching pet by ID
2025-11-17 20:08:26 - Fetching pet with ID: 1
2025-11-17 20:08:26 - 
    select
        p1_0.id,
        p1_0.allergies,
        p1_0.birth_date,
        p1_0.breed,
        p1_0.color,
        p1_0.created_at,
        p1_0.gender,
        p1_0.is_active,
        p1_0.medical_conditions,
        p1_0.name,
        p1_0.owner_id,
        p1_0.species,
        p1_0.updated_at,
        p1_0.weight 
    from
        pets p1_0 
    where
        p1_0.id=?
Hibernate: 
    select
        p1_0.id,
        p1_0.allergies,
        p1_0.birth_date,
        p1_0.breed,
        p1_0.color,
        p1_0.created_at,
        p1_0.gender,
        p1_0.is_active,
        p1_0.medical_conditions,
        p1_0.name,
        p1_0.owner_id,
        p1_0.species,
        p1_0.updated_at,
        p1_0.weight 
    from
        pets p1_0 
    where
        p1_0.id=?
2025-11-17 20:08:26 - GET /pets/1 - Fetching pet by ID
2025-11-17 20:08:26 - Fetching pet with ID: 1
2025-11-17 20:08:26 - 
    select
        p1_0.id,
        p1_0.allergies,
        p1_0.birth_date,
        p1_0.breed,
        p1_0.color,
        p1_0.created_at,
        p1_0.gender,
        p1_0.is_active,
        p1_0.medical_conditions,
        p1_0.name,
        p1_0.owner_id,
        p1_0.species,
        p1_0.updated_at,
        p1_0.weight 
    from
        pets p1_0 
    where
        p1_0.id=?
Hibernate: 
    select
        p1_0.id,
        p1_0.allergies,
        p1_0.birth_date,
        p1_0.breed,
        p1_0.color,
        p1_0.created_at,
        p1_0.gender,
        p1_0.is_active,
        p1_0.medical_conditions,
        p1_0.name,
        p1_0.owner_id,
        p1_0.species,
        p1_0.updated_at,
        p1_0.weight 
    from
        pets p1_0 
    where
        p1_0.id=?
2025-11-17 20:08:50 - GET /pets/owner/9 - Fetching pets by owner ID
2025-11-17 20:08:50 - Fetching pets for owner ID: 9
2025-11-17 20:08:50 - 
    select
        p1_0.id,
        p1_0.allergies,
        p1_0.birth_date,
        p1_0.breed,
        p1_0.color,
        p1_0.created_at,
        p1_0.gender,
        p1_0.is_active,
        p1_0.medical_conditions,
        p1_0.name,
        p1_0.owner_id,
        p1_0.species,
        p1_0.updated_at,
        p1_0.weight 
    from
        pets p1_0 
    where
        p1_0.owner_id=?
Hibernate: 
    select
        p1_0.id,
        p1_0.allergies,
        p1_0.birth_date,
        p1_0.breed,
        p1_0.color,
        p1_0.created_at,
        p1_0.gender,
        p1_0.is_active,
        p1_0.medical_conditions,
        p1_0.name,
        p1_0.owner_id,
        p1_0.species,
        p1_0.updated_at,
        p1_0.weight 
    from
        pets p1_0 
    where
        p1_0.owner_id=?
2025-11-17 20:09:48 - GET /pets/owner/9 - Fetching pets by owner ID
2025-11-17 20:09:48 - Fetching pets for owner ID: 9
2025-11-17 20:09:48 - 
    select
        p1_0.id,
        p1_0.allergies,
        p1_0.birth_date,
        p1_0.breed,
        p1_0.color,
        p1_0.created_at,
        p1_0.gender,
        p1_0.is_active,
        p1_0.medical_conditions,
        p1_0.name,
        p1_0.owner_id,
        p1_0.species,
        p1_0.updated_at,
        p1_0.weight 
    from
        pets p1_0 
    where
        p1_0.owner_id=?
Hibernate: 
    select
        p1_0.id,
        p1_0.allergies,
        p1_0.birth_date,
        p1_0.breed,
        p1_0.color,
        p1_0.created_at,
        p1_0.gender,
        p1_0.is_active,
        p1_0.medical_conditions,
        p1_0.name,
        p1_0.owner_id,
        p1_0.species,
        p1_0.updated_at,
        p1_0.weight 
    from
        pets p1_0 
    where
        p1_0.owner_id=?
2025-11-17 20:09:54 - GET /pets/owner/9 - Fetching pets by owner ID
2025-11-17 20:09:54 - Fetching pets for owner ID: 9
2025-11-17 20:09:54 - 
    select
        p1_0.id,
        p1_0.allergies,
        p1_0.birth_date,
        p1_0.breed,
        p1_0.color,
        p1_0.created_at,
        p1_0.gender,
        p1_0.is_active,
        p1_0.medical_conditions,
        p1_0.name,
        p1_0.owner_id,
        p1_0.species,
        p1_0.updated_at,
        p1_0.weight 
    from
        pets p1_0 
    where
        p1_0.owner_id=?
Hibernate: 
    select
        p1_0.id,
        p1_0.allergies,
        p1_0.birth_date,
        p1_0.breed,
        p1_0.color,
        p1_0.created_at,
        p1_0.gender,
        p1_0.is_active,
        p1_0.medical_conditions,
        p1_0.name,
        p1_0.owner_id,
        p1_0.species,
        p1_0.updated_at,
        p1_0.weight 
    from
        pets p1_0 
    where
        p1_0.owner_id=?
2025-11-17 20:10:55 - GET /pets/1 - Fetching pet by ID
2025-11-17 20:10:55 - Fetching pet with ID: 1
2025-11-17 20:10:55 - 
    select
        p1_0.id,
        p1_0.allergies,
        p1_0.birth_date,
        p1_0.breed,
        p1_0.color,
        p1_0.created_at,
        p1_0.gender,
        p1_0.is_active,
        p1_0.medical_conditions,
        p1_0.name,
        p1_0.owner_id,
        p1_0.species,
        p1_0.updated_at,
        p1_0.weight 
    from
        pets p1_0 
    where
        p1_0.id=?
Hibernate: 
    select
        p1_0.id,
        p1_0.allergies,
        p1_0.birth_date,
        p1_0.breed,
        p1_0.color,
        p1_0.created_at,
        p1_0.gender,
        p1_0.is_active,
        p1_0.medical_conditions,
        p1_0.name,
        p1_0.owner_id,
        p1_0.species,
        p1_0.updated_at,
        p1_0.weight 
    from
        pets p1_0 
    where
        p1_0.id=?
2025-11-17 20:12:20 - Resolving eureka endpoints via configuration
2025-11-17 20:12:22 - GET /pets/owner/3 - Fetching pets by owner ID
2025-11-17 20:12:22 - Fetching pets for owner ID: 3
2025-11-17 20:12:22 - 
    select
        p1_0.id,
        p1_0.allergies,
        p1_0.birth_date,
        p1_0.breed,
        p1_0.color,
        p1_0.created_at,
        p1_0.gender,
        p1_0.is_active,
        p1_0.medical_conditions,
        p1_0.name,
        p1_0.owner_id,
        p1_0.species,
        p1_0.updated_at,
        p1_0.weight 
    from
        pets p1_0 
    where
        p1_0.owner_id=?
Hibernate: 
    select
        p1_0.id,
        p1_0.allergies,
        p1_0.birth_date,
        p1_0.breed,
        p1_0.color,
        p1_0.created_at,
        p1_0.gender,
        p1_0.is_active,
        p1_0.medical_conditions,
        p1_0.name,
        p1_0.owner_id,
        p1_0.species,
        p1_0.updated_at,
        p1_0.weight 
    from
        pets p1_0 
    where
        p1_0.owner_id=?
2025-11-17 20:12:23 - GET /pets/1 - Fetching pet by ID
2025-11-17 20:12:23 - Fetching pet with ID: 1
2025-11-17 20:12:23 - 
    select
        p1_0.id,
        p1_0.allergies,
        p1_0.birth_date,
        p1_0.breed,
        p1_0.color,
        p1_0.created_at,
        p1_0.gender,
        p1_0.is_active,
        p1_0.medical_conditions,
        p1_0.name,
        p1_0.owner_id,
        p1_0.species,
        p1_0.updated_at,
        p1_0.weight 
    from
        pets p1_0 
    where
        p1_0.id=?
Hibernate: 
    select
        p1_0.id,
        p1_0.allergies,
        p1_0.birth_date,
        p1_0.breed,
        p1_0.color,
        p1_0.created_at,
        p1_0.gender,
        p1_0.is_active,
        p1_0.medical_conditions,
        p1_0.name,
        p1_0.owner_id,
        p1_0.species,
        p1_0.updated_at,
        p1_0.weight 
    from
        pets p1_0 
    where
        p1_0.id=?
2025-11-17 20:12:23 - GET /pets/1 - Fetching pet by ID
2025-11-17 20:12:23 - Fetching pet with ID: 1
2025-11-17 20:12:23 - 
    select
        p1_0.id,
        p1_0.allergies,
        p1_0.birth_date,
        p1_0.breed,
        p1_0.color,
        p1_0.created_at,
        p1_0.gender,
        p1_0.is_active,
        p1_0.medical_conditions,
        p1_0.name,
        p1_0.owner_id,
        p1_0.species,
        p1_0.updated_at,
        p1_0.weight 
    from
        pets p1_0 
    where
        p1_0.id=?
Hibernate: 
    select
        p1_0.id,
        p1_0.allergies,
        p1_0.birth_date,
        p1_0.breed,
        p1_0.color,
        p1_0.created_at,
        p1_0.gender,
        p1_0.is_active,
        p1_0.medical_conditions,
        p1_0.name,
        p1_0.owner_id,
        p1_0.species,
        p1_0.updated_at,
        p1_0.weight 
    from
        pets p1_0 
    where
        p1_0.id=?
2025-11-17 20:12:23 - GET /pets/1 - Fetching pet by ID
2025-11-17 20:12:23 - Fetching pet with ID: 1
2025-11-17 20:12:23 - 
    select
        p1_0.id,
        p1_0.allergies,
        p1_0.birth_date,
        p1_0.breed,
        p1_0.color,
        p1_0.created_at,
        p1_0.gender,
        p1_0.is_active,
        p1_0.medical_conditions,
        p1_0.name,
        p1_0.owner_id,
        p1_0.species,
        p1_0.updated_at,
        p1_0.weight 
    from
        pets p1_0 
    where
        p1_0.id=?
Hibernate: 
    select
        p1_0.id,
        p1_0.allergies,
        p1_0.birth_date,
        p1_0.breed,
        p1_0.color,
        p1_0.created_at,
        p1_0.gender,
        p1_0.is_active,
        p1_0.medical_conditions,
        p1_0.name,
        p1_0.owner_id,
        p1_0.species,
        p1_0.updated_at,
        p1_0.weight 
    from
        pets p1_0 
    where
        p1_0.id=?
2025-11-17 20:12:23 - GET /pets/1 - Fetching pet by ID
2025-11-17 20:12:23 - Fetching pet with ID: 1
2025-11-17 20:12:23 - 
    select
        p1_0.id,
        p1_0.allergies,
        p1_0.birth_date,
        p1_0.breed,
        p1_0.color,
        p1_0.created_at,
        p1_0.gender,
        p1_0.is_active,
        p1_0.medical_conditions,
        p1_0.name,
        p1_0.owner_id,
        p1_0.species,
        p1_0.updated_at,
        p1_0.weight 
    from
        pets p1_0 
    where
        p1_0.id=?
Hibernate: 
    select
        p1_0.id,
        p1_0.allergies,
        p1_0.birth_date,
        p1_0.breed,
        p1_0.color,
        p1_0.created_at,
        p1_0.gender,
        p1_0.is_active,
        p1_0.medical_conditions,
        p1_0.name,
        p1_0.owner_id,
        p1_0.species,
        p1_0.updated_at,
        p1_0.weight 
    from
        pets p1_0 
    where
        p1_0.id=?
2025-11-17 20:12:23 - GET /pets/1 - Fetching pet by ID
2025-11-17 20:12:23 - Fetching pet with ID: 1
2025-11-17 20:12:23 - 
    select
        p1_0.id,
        p1_0.allergies,
        p1_0.birth_date,
        p1_0.breed,
        p1_0.color,
        p1_0.created_at,
        p1_0.gender,
        p1_0.is_active,
        p1_0.medical_conditions,
        p1_0.name,
        p1_0.owner_id,
        p1_0.species,
        p1_0.updated_at,
        p1_0.weight 
    from
        pets p1_0 
    where
        p1_0.id=?
Hibernate: 
    select
        p1_0.id,
        p1_0.allergies,
        p1_0.birth_date,
        p1_0.breed,
        p1_0.color,
        p1_0.created_at,
        p1_0.gender,
        p1_0.is_active,
        p1_0.medical_conditions,
        p1_0.name,
        p1_0.owner_id,
        p1_0.species,
        p1_0.updated_at,
        p1_0.weight 
    from
        pets p1_0 
    where
        p1_0.id=?
2025-11-17 20:12:23 - GET /pets/1 - Fetching pet by ID
2025-11-17 20:12:23 - Fetching pet with ID: 1
2025-11-17 20:12:23 - 
    select
        p1_0.id,
        p1_0.allergies,
        p1_0.birth_date,
        p1_0.breed,
        p1_0.color,
        p1_0.created_at,
        p1_0.gender,
        p1_0.is_active,
        p1_0.medical_conditions,
        p1_0.name,
        p1_0.owner_id,
        p1_0.species,
        p1_0.updated_at,
        p1_0.weight 
    from
        pets p1_0 
    where
        p1_0.id=?
Hibernate: 
    select
        p1_0.id,
        p1_0.allergies,
        p1_0.birth_date,
        p1_0.breed,
        p1_0.color,
        p1_0.created_at,
        p1_0.gender,
        p1_0.is_active,
        p1_0.medical_conditions,
        p1_0.name,
        p1_0.owner_id,
        p1_0.species,
        p1_0.updated_at,
        p1_0.weight 
    from
        pets p1_0 
    where
        p1_0.id=?
2025-11-17 20:13:26 - GET /pets/owner/3 - Fetching pets by owner ID
2025-11-17 20:13:26 - Fetching pets for owner ID: 3
2025-11-17 20:13:26 - 
    select
        p1_0.id,
        p1_0.allergies,
        p1_0.birth_date,
        p1_0.breed,
        p1_0.color,
        p1_0.created_at,
        p1_0.gender,
        p1_0.is_active,
        p1_0.medical_conditions,
        p1_0.name,
        p1_0.owner_id,
        p1_0.species,
        p1_0.updated_at,
        p1_0.weight 
    from
        pets p1_0 
    where
        p1_0.owner_id=?
Hibernate: 
    select
        p1_0.id,
        p1_0.allergies,
        p1_0.birth_date,
        p1_0.breed,
        p1_0.color,
        p1_0.created_at,
        p1_0.gender,
        p1_0.is_active,
        p1_0.medical_conditions,
        p1_0.name,
        p1_0.owner_id,
        p1_0.species,
        p1_0.updated_at,
        p1_0.weight 
    from
        pets p1_0 
    where
        p1_0.owner_id=?
2025-11-17 20:13:27 - GET /pets/1 - Fetching pet by ID
2025-11-17 20:13:27 - Fetching pet with ID: 1
2025-11-17 20:13:27 - 
    select
        p1_0.id,
        p1_0.allergies,
        p1_0.birth_date,
        p1_0.breed,
        p1_0.color,
        p1_0.created_at,
        p1_0.gender,
        p1_0.is_active,
        p1_0.medical_conditions,
        p1_0.name,
        p1_0.owner_id,
        p1_0.species,
        p1_0.updated_at,
        p1_0.weight 
    from
        pets p1_0 
    where
        p1_0.id=?
Hibernate: 
    select
        p1_0.id,
        p1_0.allergies,
        p1_0.birth_date,
        p1_0.breed,
        p1_0.color,
        p1_0.created_at,
        p1_0.gender,
        p1_0.is_active,
        p1_0.medical_conditions,
        p1_0.name,
        p1_0.owner_id,
        p1_0.species,
        p1_0.updated_at,
        p1_0.weight 
    from
        pets p1_0 
    where
        p1_0.id=?
2025-11-17 20:13:27 - GET /pets/1 - Fetching pet by ID
2025-11-17 20:13:27 - Fetching pet with ID: 1
2025-11-17 20:13:27 - 
    select
        p1_0.id,
        p1_0.allergies,
        p1_0.birth_date,
        p1_0.breed,
        p1_0.color,
        p1_0.created_at,
        p1_0.gender,
        p1_0.is_active,
        p1_0.medical_conditions,
        p1_0.name,
        p1_0.owner_id,
        p1_0.species,
        p1_0.updated_at,
        p1_0.weight 
    from
        pets p1_0 
    where
        p1_0.id=?
Hibernate: 
    select
        p1_0.id,
        p1_0.allergies,
        p1_0.birth_date,
        p1_0.breed,
        p1_0.color,
        p1_0.created_at,
        p1_0.gender,
        p1_0.is_active,
        p1_0.medical_conditions,
        p1_0.name,
        p1_0.owner_id,
        p1_0.species,
        p1_0.updated_at,
        p1_0.weight 
    from
        pets p1_0 
    where
        p1_0.id=?
2025-11-17 20:13:27 - GET /pets/1 - Fetching pet by ID
2025-11-17 20:13:27 - Fetching pet with ID: 1
2025-11-17 20:13:27 - 
    select
        p1_0.id,
        p1_0.allergies,
        p1_0.birth_date,
        p1_0.breed,
        p1_0.color,
        p1_0.created_at,
        p1_0.gender,
        p1_0.is_active,
        p1_0.medical_conditions,
        p1_0.name,
        p1_0.owner_id,
        p1_0.species,
        p1_0.updated_at,
        p1_0.weight 
    from
        pets p1_0 
    where
        p1_0.id=?
Hibernate: 
    select
        p1_0.id,
        p1_0.allergies,
        p1_0.birth_date,
        p1_0.breed,
        p1_0.color,
        p1_0.created_at,
        p1_0.gender,
        p1_0.is_active,
        p1_0.medical_conditions,
        p1_0.name,
        p1_0.owner_id,
        p1_0.species,
        p1_0.updated_at,
        p1_0.weight 
    from
        pets p1_0 
    where
        p1_0.id=?
2025-11-17 20:13:27 - GET /pets/1 - Fetching pet by ID
2025-11-17 20:13:27 - Fetching pet with ID: 1
2025-11-17 20:13:27 - 
    select
        p1_0.id,
        p1_0.allergies,
        p1_0.birth_date,
        p1_0.breed,
        p1_0.color,
        p1_0.created_at,
        p1_0.gender,
        p1_0.is_active,
        p1_0.medical_conditions,
        p1_0.name,
        p1_0.owner_id,
        p1_0.species,
        p1_0.updated_at,
        p1_0.weight 
    from
        pets p1_0 
    where
        p1_0.id=?
Hibernate: 
    select
        p1_0.id,
        p1_0.allergies,
        p1_0.birth_date,
        p1_0.breed,
        p1_0.color,
        p1_0.created_at,
        p1_0.gender,
        p1_0.is_active,
        p1_0.medical_conditions,
        p1_0.name,
        p1_0.owner_id,
        p1_0.species,
        p1_0.updated_at,
        p1_0.weight 
    from
        pets p1_0 
    where
        p1_0.id=?
2025-11-17 20:13:27 - GET /pets/1 - Fetching pet by ID
2025-11-17 20:13:27 - Fetching pet with ID: 1
2025-11-17 20:13:27 - 
    select
        p1_0.id,
        p1_0.allergies,
        p1_0.birth_date,
        p1_0.breed,
        p1_0.color,
        p1_0.created_at,
        p1_0.gender,
        p1_0.is_active,
        p1_0.medical_conditions,
        p1_0.name,
        p1_0.owner_id,
        p1_0.species,
        p1_0.updated_at,
        p1_0.weight 
    from
        pets p1_0 
    where
        p1_0.id=?
Hibernate: 
    select
        p1_0.id,
        p1_0.allergies,
        p1_0.birth_date,
        p1_0.breed,
        p1_0.color,
        p1_0.created_at,
        p1_0.gender,
        p1_0.is_active,
        p1_0.medical_conditions,
        p1_0.name,
        p1_0.owner_id,
        p1_0.species,
        p1_0.updated_at,
        p1_0.weight 
    from
        pets p1_0 
    where
        p1_0.id=?
2025-11-17 20:13:27 - GET /pets/1 - Fetching pet by ID
2025-11-17 20:13:27 - Fetching pet with ID: 1
2025-11-17 20:13:27 - 
    select
        p1_0.id,
        p1_0.allergies,
        p1_0.birth_date,
        p1_0.breed,
        p1_0.color,
        p1_0.created_at,
        p1_0.gender,
        p1_0.is_active,
        p1_0.medical_conditions,
        p1_0.name,
        p1_0.owner_id,
        p1_0.species,
        p1_0.updated_at,
        p1_0.weight 
    from
        pets p1_0 
    where
        p1_0.id=?
Hibernate: 
    select
        p1_0.id,
        p1_0.allergies,
        p1_0.birth_date,
        p1_0.breed,
        p1_0.color,
        p1_0.created_at,
        p1_0.gender,
        p1_0.is_active,
        p1_0.medical_conditions,
        p1_0.name,
        p1_0.owner_id,
        p1_0.species,
        p1_0.updated_at,
        p1_0.weight 
    from
        pets p1_0 
    where
        p1_0.id=?
2025-11-17 20:15:56 - GET /pets/owner/9 - Fetching pets by owner ID
2025-11-17 20:15:56 - Fetching pets for owner ID: 9
2025-11-17 20:15:56 - 
    select
        p1_0.id,
        p1_0.allergies,
        p1_0.birth_date,
        p1_0.breed,
        p1_0.color,
        p1_0.created_at,
        p1_0.gender,
        p1_0.is_active,
        p1_0.medical_conditions,
        p1_0.name,
        p1_0.owner_id,
        p1_0.species,
        p1_0.updated_at,
        p1_0.weight 
    from
        pets p1_0 
    where
        p1_0.owner_id=?
Hibernate: 
    select
        p1_0.id,
        p1_0.allergies,
        p1_0.birth_date,
        p1_0.breed,
        p1_0.color,
        p1_0.created_at,
        p1_0.gender,
        p1_0.is_active,
        p1_0.medical_conditions,
        p1_0.name,
        p1_0.owner_id,
        p1_0.species,
        p1_0.updated_at,
        p1_0.weight 
    from
        pets p1_0 
    where
        p1_0.owner_id=?
2025-11-17 20:15:56 - GET /pets/1 - Fetching pet by ID
2025-11-17 20:15:56 - Fetching pet with ID: 1
2025-11-17 20:15:56 - 
    select
        p1_0.id,
        p1_0.allergies,
        p1_0.birth_date,
        p1_0.breed,
        p1_0.color,
        p1_0.created_at,
        p1_0.gender,
        p1_0.is_active,
        p1_0.medical_conditions,
        p1_0.name,
        p1_0.owner_id,
        p1_0.species,
        p1_0.updated_at,
        p1_0.weight 
    from
        pets p1_0 
    where
        p1_0.id=?
Hibernate: 
    select
        p1_0.id,
        p1_0.allergies,
        p1_0.birth_date,
        p1_0.breed,
        p1_0.color,
        p1_0.created_at,
        p1_0.gender,
        p1_0.is_active,
        p1_0.medical_conditions,
        p1_0.name,
        p1_0.owner_id,
        p1_0.species,
        p1_0.updated_at,
        p1_0.weight 
    from
        pets p1_0 
    where
        p1_0.id=?
2025-11-17 20:17:20 - Resolving eureka endpoints via configuration
2025-11-17 20:22:20 - Resolving eureka endpoints via configuration
2025-11-17 20:25:18 - GET /pets/owner/9 - Fetching pets by owner ID
2025-11-17 20:25:18 - Fetching pets for owner ID: 9
2025-11-17 20:25:18 - 
    select
        p1_0.id,
        p1_0.allergies,
        p1_0.birth_date,
        p1_0.breed,
        p1_0.color,
        p1_0.created_at,
        p1_0.gender,
        p1_0.is_active,
        p1_0.medical_conditions,
        p1_0.name,
        p1_0.owner_id,
        p1_0.species,
        p1_0.updated_at,
        p1_0.weight 
    from
        pets p1_0 
    where
        p1_0.owner_id=?
Hibernate: 
    select
        p1_0.id,
        p1_0.allergies,
        p1_0.birth_date,
        p1_0.breed,
        p1_0.color,
        p1_0.created_at,
        p1_0.gender,
        p1_0.is_active,
        p1_0.medical_conditions,
        p1_0.name,
        p1_0.owner_id,
        p1_0.species,
        p1_0.updated_at,
        p1_0.weight 
    from
        pets p1_0 
    where
        p1_0.owner_id=?
2025-11-17 20:25:18 - GET /pets/1 - Fetching pet by ID
2025-11-17 20:25:18 - Fetching pet with ID: 1
2025-11-17 20:25:18 - 
    select
        p1_0.id,
        p1_0.allergies,
        p1_0.birth_date,
        p1_0.breed,
        p1_0.color,
        p1_0.created_at,
        p1_0.gender,
        p1_0.is_active,
        p1_0.medical_conditions,
        p1_0.name,
        p1_0.owner_id,
        p1_0.species,
        p1_0.updated_at,
        p1_0.weight 
    from
        pets p1_0 
    where
        p1_0.id=?
Hibernate: 
    select
        p1_0.id,
        p1_0.allergies,
        p1_0.birth_date,
        p1_0.breed,
        p1_0.color,
        p1_0.created_at,
        p1_0.gender,
        p1_0.is_active,
        p1_0.medical_conditions,
        p1_0.name,
        p1_0.owner_id,
        p1_0.species,
        p1_0.updated_at,
        p1_0.weight 
    from
        pets p1_0 
    where
        p1_0.id=?
2025-11-17 20:27:20 - Resolving eureka endpoints via configuration
2025-11-17 20:27:25 - GET /pets/1 - Fetching pet by ID
2025-11-17 20:27:25 - Fetching pet with ID: 1
2025-11-17 20:27:25 - 
    select
        p1_0.id,
        p1_0.allergies,
        p1_0.birth_date,
        p1_0.breed,
        p1_0.color,
        p1_0.created_at,
        p1_0.gender,
        p1_0.is_active,
        p1_0.medical_conditions,
        p1_0.name,
        p1_0.owner_id,
        p1_0.species,
        p1_0.updated_at,
        p1_0.weight 
    from
        pets p1_0 
    where
        p1_0.id=?
Hibernate: 
    select
        p1_0.id,
        p1_0.allergies,
        p1_0.birth_date,
        p1_0.breed,
        p1_0.color,
        p1_0.created_at,
        p1_0.gender,
        p1_0.is_active,
        p1_0.medical_conditions,
        p1_0.name,
        p1_0.owner_id,
        p1_0.species,
        p1_0.updated_at,
        p1_0.weight 
    from
        pets p1_0 
    where
        p1_0.id=?
2025-11-17 20:32:20 - Resolving eureka endpoints via configuration
2025-11-17 20:32:44 - GET /pets/owner/9 - Fetching pets by owner ID
2025-11-17 20:32:44 - Fetching pets for owner ID: 9
2025-11-17 20:32:44 - 
    select
        p1_0.id,
        p1_0.allergies,
        p1_0.birth_date,
        p1_0.breed,
        p1_0.color,
        p1_0.created_at,
        p1_0.gender,
        p1_0.is_active,
        p1_0.medical_conditions,
        p1_0.name,
        p1_0.owner_id,
        p1_0.species,
        p1_0.updated_at,
        p1_0.weight 
    from
        pets p1_0 
    where
        p1_0.owner_id=?
Hibernate: 
    select
        p1_0.id,
        p1_0.allergies,
        p1_0.birth_date,
        p1_0.breed,
        p1_0.color,
        p1_0.created_at,
        p1_0.gender,
        p1_0.is_active,
        p1_0.medical_conditions,
        p1_0.name,
        p1_0.owner_id,
        p1_0.species,
        p1_0.updated_at,
        p1_0.weight 
    from
        pets p1_0 
    where
        p1_0.owner_id=?
2025-11-17 20:32:44 - GET /pets/1 - Fetching pet by ID
2025-11-17 20:32:44 - Fetching pet with ID: 1
2025-11-17 20:32:44 - 
    select
        p1_0.id,
        p1_0.allergies,
        p1_0.birth_date,
        p1_0.breed,
        p1_0.color,
        p1_0.created_at,
        p1_0.gender,
        p1_0.is_active,
        p1_0.medical_conditions,
        p1_0.name,
        p1_0.owner_id,
        p1_0.species,
        p1_0.updated_at,
        p1_0.weight 
    from
        pets p1_0 
    where
        p1_0.id=?
Hibernate: 
    select
        p1_0.id,
        p1_0.allergies,
        p1_0.birth_date,
        p1_0.breed,
        p1_0.color,
        p1_0.created_at,
        p1_0.gender,
        p1_0.is_active,
        p1_0.medical_conditions,
        p1_0.name,
        p1_0.owner_id,
        p1_0.species,
        p1_0.updated_at,
        p1_0.weight 
    from
        pets p1_0 
    where
        p1_0.id=?
2025-11-17 20:32:44 - GET /pets/1 - Fetching pet by ID
2025-11-17 20:32:44 - Fetching pet with ID: 1
2025-11-17 20:32:44 - 
    select
        p1_0.id,
        p1_0.allergies,
        p1_0.birth_date,
        p1_0.breed,
        p1_0.color,
        p1_0.created_at,
        p1_0.gender,
        p1_0.is_active,
        p1_0.medical_conditions,
        p1_0.name,
        p1_0.owner_id,
        p1_0.species,
        p1_0.updated_at,
        p1_0.weight 
    from
        pets p1_0 
    where
        p1_0.id=?
Hibernate: 
    select
        p1_0.id,
        p1_0.allergies,
        p1_0.birth_date,
        p1_0.breed,
        p1_0.color,
        p1_0.created_at,
        p1_0.gender,
        p1_0.is_active,
        p1_0.medical_conditions,
        p1_0.name,
        p1_0.owner_id,
        p1_0.species,
        p1_0.updated_at,
        p1_0.weight 
    from
        pets p1_0 
    where
        p1_0.id=?
[INFO] ------------------------------------------------------------------------
[INFO] BUILD FAILURE
[INFO] ------------------------------------------------------------------------
[INFO] Total time:  53:11 min
[INFO] Finished at: 2025-11-17T20:35:25-03:00
[INFO] ------------------------------------------------------------------------
[ERROR] Failed to execute goal org.springframework.boot:spring-boot-maven-plugin:3.5.5:run (default-cli) on project pethome-pet-service: Process terminated with exit code: 137 -> [Help 1]
[ERROR] 
[ERROR] To see the full stack trace of the errors, re-run Maven with the -e switch.
[ERROR] Re-run Maven using the -X switch to enable full debug logging.
[ERROR] 
[ERROR] For more information about the errors and possible solutions, please read the following articles:
[ERROR] [Help 1] http://cwiki.apache.org/confluence/display/MAVEN/MojoExecutionException
