WARNING: A terminally deprecated method in sun.misc.Unsafe has been called
WARNING: sun.misc.Unsafe::staticFieldBase has been called by com.google.inject.internal.aop.HiddenClassDefiner (file:/opt/homebrew/Cellar/maven/3.9.11/libexec/lib/guice-5.1.0-classes.jar)
WARNING: Please consider reporting this to the maintainers of class com.google.inject.internal.aop.HiddenClassDefiner
WARNING: sun.misc.Unsafe::staticFieldBase will be removed in a future release
[INFO] Scanning for projects...
[INFO] 
[INFO] ----------------< cl.duoc:pethome-veterinarian-service >----------------
[INFO] Building pethome-veterinarian-service 0.0.1-SNAPSHOT
[INFO]   from pom.xml
[INFO] --------------------------------[ jar ]---------------------------------
[INFO] 
[INFO] >>> spring-boot:3.5.5:run (default-cli) > test-compile @ pethome-veterinarian-service >>>
[INFO] 
[INFO] --- resources:3.3.1:resources (default-resources) @ pethome-veterinarian-service ---
[INFO] Copying 1 resource from src/main/resources to target/classes
[INFO] Copying 1 resource from src/main/resources to target/classes
[INFO] 
[INFO] --- compiler:3.14.0:compile (default-compile) @ pethome-veterinarian-service ---
[INFO] Nothing to compile - all classes are up to date.
[INFO] 
[INFO] --- resources:3.3.1:testResources (default-testResources) @ pethome-veterinarian-service ---
[INFO] skip non existing resourceDirectory /Users/stywan1/Downloads/pethome-backend/pethome-veterinarian-service/src/test/resources
[INFO] 
[INFO] --- compiler:3.14.0:testCompile (default-testCompile) @ pethome-veterinarian-service ---
[INFO] Nothing to compile - all classes are up to date.
[INFO] 
[INFO] <<< spring-boot:3.5.5:run (default-cli) < test-compile @ pethome-veterinarian-service <<<
[INFO] 
[INFO] 
[INFO] --- spring-boot:3.5.5:run (default-cli) @ pethome-veterinarian-service ---
[INFO] Attaching agents: []

  .   ____          _            __ _ _
 /\\ / ___'_ __ _ _(_)_ __  __ _ \ \ \ \
( ( )\___ | '_ | '_| | '_ \/ _` | \ \ \ \
 \\/  ___)| |_)| | | | | || (_| |  ) ) ) )
  '  |____| .__|_| |_|_| |_\__, | / / / /
 =========|_|==============|___/=/_/_/_/

 :: Spring Boot ::                (v3.5.5)

2025-11-23 20:09:08 - Starting PethomeVeterinarianServiceApplication using Java 25.0.1 with PID 40278 (/Users/stywan1/Downloads/pethome-backend/pethome-veterinarian-service/target/classes started by stywan1 in /Users/stywan1/Downloads/pethome-backend/pethome-veterinarian-service)
2025-11-23 20:09:08 - Running with Spring Boot v3.5.5, Spring v6.2.10
2025-11-23 20:09:08 - No active profile set, falling back to 1 default profile: "default"
2025-11-23 20:09:08 - Fetching config from server at : http://localhost:8888
2025-11-23 20:09:08 - Located environment: name=pethome-veterinarian-service, profiles=[default], label=null, version=null, state=null
2025-11-23 20:09:09 - Bootstrapping Spring Data JPA repositories in DEFAULT mode.
2025-11-23 20:09:09 - Finished Spring Data repository scanning in 88 ms. Found 2 JPA repository interfaces.
2025-11-23 20:09:09 - BeanFactory id=e2a8abe0-a4b1-31f6-bf6b-f3fb0ff0e871
2025-11-23 20:09:09 - Tomcat initialized with port 8082 (http)
2025-11-23 20:09:09 - Starting service [Tomcat]
2025-11-23 20:09:09 - Starting Servlet engine: [Apache Tomcat/10.1.44]
2025-11-23 20:09:09 - Initializing Spring embedded WebApplicationContext
2025-11-23 20:09:09 - Root WebApplicationContext: initialization completed in 1076 ms
2025-11-23 20:09:09 - HHH000204: Processing PersistenceUnitInfo [name: default]
2025-11-23 20:09:09 - HHH000412: Hibernate ORM core version 6.6.26.Final
2025-11-23 20:09:09 - HHH000026: Second-level cache disabled
2025-11-23 20:09:10 - No LoadTimeWeaver setup: ignoring JPA class transformer
2025-11-23 20:09:10 - HikariPool-1 - Starting...
2025-11-23 20:09:10 - HikariPool-1 - Added connection conn0: url=jdbc:h2:mem:veterinariandb user=SA
2025-11-23 20:09:10 - HikariPool-1 - Start completed.
2025-11-23 20:09:10 - HHH90000025: H2Dialect does not need to be specified explicitly using 'hibernate.dialect' (remove the property setting and it will be selected by default)
2025-11-23 20:09:10 - HHH10001005: Database info:
	Database JDBC URL [Connecting through datasource 'HikariDataSource (HikariPool-1)']
	Database driver: undefined/unknown
	Database version: 2.3.232
	Autocommit mode: undefined/unknown
	Isolation level: undefined/unknown
	Minimum pool size: undefined/unknown
	Maximum pool size: undefined/unknown
2025-11-23 20:09:10 - HHH000489: No JTA platform available (set 'hibernate.transaction.jta.platform' to enable JTA platform integration)
Hibernate: 
    drop table if exists veterinarian_schedules cascade 
Hibernate: 
    drop table if exists veterinarians cascade 
Hibernate: 
    create table veterinarian_schedules (
        end_time time(6) not null,
        is_active boolean not null,
        start_time time(6) not null,
        id bigint generated by default as identity,
        veterinarian_id bigint not null,
        day_of_week enum ('FRIDAY','MONDAY','SATURDAY','SUNDAY','THURSDAY','TUESDAY','WEDNESDAY') not null,
        primary key (id)
    )
Hibernate: 
    create table veterinarians (
        experience_years integer,
        is_available boolean not null,
        rating float(53) not null,
        created_at timestamp(6) not null,
        id bigint generated by default as identity,
        updated_at timestamp(6),
        user_id bigint not null unique,
        photo varchar(500),
        bio TEXT,
        clinic_address varchar(255),
        clinic_name varchar(255),
        license_number varchar(255) not null unique,
        specialty varchar(255) not null,
        working_hours varchar(255),
        primary key (id)
    )
Hibernate: 
    alter table if exists veterinarian_schedules 
       add constraint FKj3q5lbyc86d50cqn1otq20ucn 
       foreign key (veterinarian_id) 
       references veterinarians
2025-11-23 20:09:10 - Initialized JPA EntityManagerFactory for persistence unit 'default'
2025-11-23 20:09:11 - spring.jpa.open-in-view is enabled by default. Therefore, database queries may be performed during view rendering. Explicitly configure spring.jpa.open-in-view to disable this warning
2025-11-23 20:09:11 - H2 console available at '/h2-console'. Database available at 'jdbc:h2:mem:veterinariandb'
2025-11-23 20:09:11 - Eureka HTTP Client uses RestTemplate.
2025-11-23 20:09:11 - Spring Cloud LoadBalancer is currently working with the default cache. While this cache implementation is useful for development and tests, it's recommended to use Caffeine cache in production.You can switch to using Caffeine cache, by adding it and org.springframework.cache.caffeine.CaffeineCacheManager to the classpath.
2025-11-23 20:09:11 - Exposing 3 endpoints beneath base path '/actuator'
2025-11-23 20:09:11 - Setting initial instance status as: STARTING
2025-11-23 20:09:11 - Initializing Eureka in region us-east-1
2025-11-23 20:09:11 - Resolving eureka endpoints via configuration
2025-11-23 20:09:11 - Disable delta property : false
2025-11-23 20:09:11 - Single vip registry refresh property : null
2025-11-23 20:09:11 - Force full registry fetch : false
2025-11-23 20:09:11 - Application is null : false
2025-11-23 20:09:11 - Registered Applications size is zero : true
2025-11-23 20:09:11 - Application version is -1: true
2025-11-23 20:09:11 - Getting all instance registry info from the eureka server
2025-11-23 20:09:11 - The response status is 200
2025-11-23 20:09:11 - Starting heartbeat executor: renew interval is: 30
2025-11-23 20:09:11 - InstanceInfoReplicator onDemand update allowed rate per min is 4
2025-11-23 20:09:11 - Discovery Client initialized at timestamp 1763939351762 with initial instances count: 1
2025-11-23 20:09:11 - Registering application PETHOME-VETERINARIAN-SERVICE with eureka with status UP
2025-11-23 20:09:11 - Saw local status change event StatusChangeEvent [timestamp=1763939351765, current=UP, previous=STARTING]
2025-11-23 20:09:11 - DiscoveryClient_PETHOME-VETERINARIAN-SERVICE/192.168.0.28:pethome-veterinarian-service:8082: registering service...
2025-11-23 20:09:11 - Tomcat started on port 8082 (http) with context path '/'
2025-11-23 20:09:11 - Updating port to 8082
2025-11-23 20:09:11 - Started PethomeVeterinarianServiceApplication in 3.635 seconds (process running for 3.977)
2025-11-23 20:09:11 - DiscoveryClient_PETHOME-VETERINARIAN-SERVICE/192.168.0.28:pethome-veterinarian-service:8082 - registration status: 204
2025-11-23 20:14:11 - Resolving eureka endpoints via configuration
2025-11-23 20:19:11 - Resolving eureka endpoints via configuration
2025-11-23 20:24:11 - Resolving eureka endpoints via configuration
2025-11-23 20:29:11 - Resolving eureka endpoints via configuration
2025-11-23 20:33:09 - Initializing Spring DispatcherServlet 'dispatcherServlet'
2025-11-23 20:33:09 - Initializing Servlet 'dispatcherServlet'
2025-11-23 20:33:09 - Completed initialization in 55 ms
2025-11-23 20:33:10 - Init duration for springdoc-openapi is: 395 ms
2025-11-23 20:34:11 - Resolving eureka endpoints via configuration
2025-11-23 20:39:11 - Resolving eureka endpoints via configuration
2025-11-23 20:44:11 - Resolving eureka endpoints via configuration
2025-11-23 20:49:11 - Resolving eureka endpoints via configuration
2025-11-23 20:54:11 - Resolving eureka endpoints via configuration
2025-11-23 20:59:11 - Resolving eureka endpoints via configuration
2025-11-23 21:04:11 - Resolving eureka endpoints via configuration
2025-11-23 21:09:11 - Resolving eureka endpoints via configuration
2025-11-23 21:14:11 - Resolving eureka endpoints via configuration
2025-11-23 21:19:11 - Resolving eureka endpoints via configuration
2025-11-23 21:24:11 - Resolving eureka endpoints via configuration
2025-11-23 21:29:11 - Resolving eureka endpoints via configuration
2025-11-23 21:34:11 - Resolving eureka endpoints via configuration
2025-11-23 21:39:11 - Resolving eureka endpoints via configuration
2025-11-23 21:44:11 - Resolving eureka endpoints via configuration
2025-11-23 21:49:11 - Resolving eureka endpoints via configuration
2025-11-23 21:54:11 - Resolving eureka endpoints via configuration
2025-11-23 21:59:11 - Resolving eureka endpoints via configuration
2025-11-23 22:04:11 - Resolving eureka endpoints via configuration
2025-11-23 22:09:11 - Resolving eureka endpoints via configuration
[INFO] ------------------------------------------------------------------------
[INFO] BUILD FAILURE
[INFO] ------------------------------------------------------------------------
[INFO] Total time:  02:00 h
[INFO] Finished at: 2025-11-23T22:09:17-03:00
[INFO] ------------------------------------------------------------------------
[ERROR] Failed to execute goal org.springframework.boot:spring-boot-maven-plugin:3.5.5:run (default-cli) on project pethome-veterinarian-service: Process terminated with exit code: 137 -> [Help 1]
[ERROR] 
[ERROR] To see the full stack trace of the errors, re-run Maven with the -e switch.
[ERROR] Re-run Maven using the -X switch to enable full debug logging.
[ERROR] 
[ERROR] For more information about the errors and possible solutions, please read the following articles:
[ERROR] [Help 1] http://cwiki.apache.org/confluence/display/MAVEN/MojoExecutionException
